src/components/features/StockCard.tsx(62,73): error TS2345: Argument of type 'Stock' is not assignable to parameter of type 'Stock'.
  Property 'marketCap' is missing in type 'Stock' but required in type 'Stock'.
src/components/features/StockDetailModal.tsx(78,44): error TS6133: 'i' is declared but its value is never read.
src/pages/CommunityPage.tsx(50,34): error TS2352: Conversion of type 'import("C:/dev/mbti_stock/src/utils/postGenerator").Post[]' to type 'Post[]' may be a mistake because neither type sufficiently overlaps with the other. If this was intentional, convert the expression to 'unknown' first.
  Type 'import("C:/dev/mbti_stock/src/utils/postGenerator").Post' is not comparable to type 'Post'.
    Types of property 'id' are incompatible.
      Type 'number' is not comparable to type 'string'.
src/pages/MainPage.tsx(46,16): error TS6133: 'stocksLoading' is declared but its value is never read.
src/pages/MainPage.tsx(116,25): error TS2677: A type predicate's type must be assignable to its parameter's type.
  Type 'Stock' is missing the following properties from type 'Stock': marketCap, change, volatility, dividendYield, and 2 more.
src/pages/MainPage.tsx(142,9): error TS2353: Object literal may only specify known properties, and 'updatedAt' does not exist in type 'PortfolioStore'.
src/pages/MainPage.tsx(241,24): error TS2322: Type '{}' is not assignable to type 'ReactNode'.
src/pages/MainPage.tsx(281,33): error TS18048: 'stock' is possibly 'undefined'.
src/pages/MainPage.tsx(283,27): error TS2322: Type 'Stock | undefined' is not assignable to type 'Stock'.
  Type 'undefined' is not assignable to type 'Stock'.
src/pages/MainPage.tsx(286,59): error TS2345: Argument of type 'Stock | undefined' is not assignable to parameter of type 'Stock'.
  Type 'undefined' is not assignable to type 'Stock'.
src/pages/PortfolioPage.tsx(6,10): error TS6133: 'getChangeColor' is declared but its value is never read.
src/pages/PortfolioPage.tsx(53,16): error TS6133: 'stocksLoading' is declared but its value is never read.
src/pages/PortfolioPage.tsx(117,7): error TS2353: Object literal may only specify known properties, and 'updatedAt' does not exist in type 'PortfolioStore'.
src/pages/SettingsPage.tsx(35,5): error TS2349: This expression is not callable.
  Not all constituents of type 'SettingsState | ((updates: any) => void)' are callable.
    Type 'SettingsState' has no call signatures.
src/pages/SettingsPage.tsx(146,39): error TS2339: Property 'notifications' does not exist on type 'SettingsState | ((updates: any) => void)'.
  Property 'notifications' does not exist on type '(updates: any) => void'.
src/pages/SettingsPage.tsx(153,39): error TS2339: Property 'darkMode' does not exist on type 'SettingsState | ((updates: any) => void)'.
  Property 'darkMode' does not exist on type '(updates: any) => void'.
src/pages/SettingsPage.tsx(160,39): error TS2339: Property 'soundEffects' does not exist on type 'SettingsState | ((updates: any) => void)'.
  Property 'soundEffects' does not exist on type '(updates: any) => void'.
src/pages/SettingsPage.tsx(173,39): error TS2339: Property 'refreshInterval' does not exist on type 'SettingsState | ((updates: any) => void)'.
  Property 'refreshInterval' does not exist on type '(updates: any) => void'.
src/utils/postGenerator.ts(110,7): error TS2322: Type 'string | null' is not assignable to type 'string'.
  Type 'null' is not assignable to type 'string'.
src/utils/postGenerator.ts(122,7): error TS2322: Type 'string | null' is not assignable to type 'string'.
  Type 'null' is not assignable to type 'string'.
